// Jest Snapshot v1, https://goo.gl/fbAQLP

exports[`Root Page should press on add item button and decrease counter 1`] = `
<div>
  <main
    class="main"
  >
    <h2>
      Counter - Module Federation
    </h2>
    <p>
      -1
    </p>
    <div
      class="button-container"
    >
      <button
        class="button"
        type="button"
      >
        +
      </button>
      <button
        class="button"
        type="button"
      >
        -
      </button>
    </div>
  </main>
</div>
`;

exports[`Root Page should press on add item button and increase counter 1`] = `
<div>
  <main
    class="main"
  >
    <h2>
      Counter - Module Federation
    </h2>
    <p>
      1
    </p>
    <div
      class="button-container"
    >
      <button
        class="button"
        type="button"
      >
        +
      </button>
      <button
        class="button"
        type="button"
      >
        -
      </button>
    </div>
  </main>
</div>
`;

exports[`Root Page should render home page 1`] = `
<div>
  <main
    class="main"
  >
    <h2>
      Counter - Module Federation
    </h2>
    <p>
      0
    </p>
    <div
      class="button-container"
    >
      <button
        class="button"
        type="button"
      >
        +
      </button>
      <button
        class="button"
        type="button"
      >
        -
      </button>
    </div>
  </main>
</div>
`;
